
> bb-societies@1.0.0 dev
> node src/cli.js --demo

[skip] Skipping standalone Google login - will use SSO in societies.io
[sim] goto app.societies.io (direct app URL)
[sim] Waiting for page to load...
[sim] Checking for 'Continue with Google' button...
[sim] Clicking 'Continue with Google'...
[sim] SSO clicked, waiting for Google login page...
[sim] Checking if Google login is required...
[sim] Google login required, filling credentials...
[sim] Google login submitted, waiting for redirect...
[sim] Checking for Google consent screen...
[sim] Waiting for app to load...
[sim] Checking for auto-open societies modal...
[sim] Society card visible: true
[sim] ✅ Auto-open modal detected!
[sim] Clicking 'Example Startup Investors' to dismiss modal...
[sim] Clicked on society card (normal)
[sim] ✅ Modal dismissed successfully!
[sim] DEBUG: Current URL: https://app.societies.io/
[sim] DEBUG: Page title: Artificial Societies
[sim] Society should be already selected from modal dismiss...
[sim] Looking for 'Create New Test' button (ID: #create-new-test-button)...
[sim] Found 1 'Create New Test' button(s)
[sim] ✅ Clicked 'Create New Test' button - Templates modal should open!
[sim] Waiting for templates modal to open...
[sim] Looking for template button: "Article"
[sim] Clicked template button: "Article"
[sim] Filling article text...
[sim] Filled input text: "testing"
[sim] Looking for Simulate button...
[sim] Clicked Simulate div
[sim] Waiting for results panel... 
[sim] Waiting for 'Impact Score' heading...
[sim] ✅ Impact Score heading found!
[sim] Waiting for score value...
[sim] ✅ Score value found!
[sim] Waiting for 'Attention' section...
[sim] ✅ Attention section found!
[sim] Waiting for 'Insights' section...
[sim] ✅ Insights section found!
[sim] Checking for spinner...
[sim] Spinner detected, waiting for completion...
[sim] Checking DOM stability (800ms, 10sec max)...
[sim] ⚠️ DOM still changing, but all key elements present - proceeding...
[sim] ✅ Results ready for extraction!
[sim] Extracting results data...
[sim] Extracted Impact Score: 16/100
[sim] Extracted Attention: {"full":5,"partial":25,"ignore":70,"raw":{"full":"5%","partial":"25%","ignore":"70%"}}
[sim] Extracted Insights length: 393 chars
[done] mode=local totalMs=287374
{
  "society": "Startup Investors",
  "test": "Article",
  "text": "testing",
  "result": {
    "plainText": "Share Simulation\n\nImpact Score\n\nVery Low\n16 / 100\n\nAttention\n\nFull\n\n5%\n\nPartial\n\n25%\n\nIgnore\n\n70%\n\nInsights\n\nThe article failed to capture the audience's attention; most people ignored it. \"Testing\" is vague and didn't provide enough value quickly.\n\nThe audience is time-constrained and values concise communication.\n\nReplace \"testing\" with a clear, benefit-focused statement. Focus on what the audience gains immediately.\n\nEmphasize concise, benefit-driven language and avoid jargon.\n\n\nAsk a Follow-up\n\nConversation\n\nLack of Time\n\nApproximately 36% of readers mention being busy and not having time to fully engage with the content due to time constraints.\n\n\"I'm busy, and that doesn't sound worth my time.\"\n\n\"No time for content that doesn't grab my attention.\"\n\nNeed for Relevance\n\nAround 29% of readers emphasize needing content to be relevant to their interests and immediately offer value to justify their time.\n\n\"Gotta focus on real deals and interesting tech!\"\n\n\"No indication of the topic or relevance.\"\n\nDesire for Efficiency\n\nAbout 25% of readers express a preference for quickly skimming content, highlighting the need for efficient information delivery.\n\n\"I'm all about efficiency.\"\n\n\"Skim the first bit and move on.\"",
    "html": "<div class=\"css-4e1k6r\"><button width=\"100%\" class=\"css-mb3nlx\"><div class=\"css-1eu3m84\">Share Simulation<svg viewBox=\"0 0 24 24\" role=\"presentation\" style=\"width: 1.125rem; height: 1.125rem;\"><path d=\"M12,1L8,5H11V14H13V5H16M18,23H6C4.89,23 4,22.1 4,21V9A2,2 0 0,1 6,7H9V9H6V21H18V9H15V7H18A2,2 0 0,1 20,9V21A2,2 0 0,1 18,23Z\" style=\"fill: currentcolor;\"></path></svg></div></button></div><div class=\"css-e81cen\"><div id=\"quantitative-results\" class=\"css-18xw3pm\"><div class=\"css-micp3c\"><p class=\"css-1p5tc0q\">Impact Score </p><svg viewBox=\"0 0 24 24\" role=\"presentation\" data-state=\"closed\" style=\"width: 16px; height: 16px;\"><path d=\"M11,9H13V7H11M12,20C7.59,20 4,16.41 4,12C4,7.59 7.59,4 12,4C16.41,4 20,7.59 20,12C20,16.41 16.41,20 12,20M12,2A10,10 0 0,0 2,12A10,10 0 0,0 12,22A10,10 0 0,0 22,12A10,10 0 0,0 12,2M11,17H13V11H11V17Z\" style=\"fill: rgb(153, 163, 169);\"></path></svg></div><div class=\"css-14rnya9\"><div class=\"css-pt6w72\"><h5 class=\"css-ufcsj5\">Very Low</h5><div class=\"css-nda3z5\"><h4 class=\"css-m0601i\">16<span class=\"css-1nhfues\"> / 100</span></h4></div></div><div class=\"css-4c3fi7\"><div class=\"css-1ywhsqb\" style=\"width: 16%;\"></div></div></div><div height=\"0\" class=\"css-u80vvn\"></div><div class=\"css-1i43dhb\"><div class=\"css-jxxaag\"><div class=\"css-pt6w72\" style=\"margin-bottom: 2px;\"><p class=\"css-1dcas9s\">Attention</p><svg viewBox=\"0 0 24 24\" role=\"presentation\" data-state=\"closed\" style=\"width: 16px; height: 16px;\"><path d=\"M11,9H13V7H11M12,20C7.59,20 4,16.41 4,12C4,7.59 7.59,4 12,4C16.41,4 20,7.59 20,12C20,16.41 16.41,20 12,20M12,2A10,10 0 0,0 2,12A10,10 0 0,0 12,22A10,10 0 0,0 22,12A10,10 0 0,0 12,2M11,17H13V11H11V17Z\" style=\"fill: rgb(153, 163, 169);\"></path></svg></div><div class=\"css-1fptton\"><div class=\"css-micp3c\"><svg viewBox=\"0 0 24 24\" role=\"presentation\" style=\"width: 0.975rem; height: 0.975rem;\"><path d=\"M12,9A3,3 0 0,1 15,12A3,3 0 0,1 12,15A3,3 0 0,1 9,12A3,3 0 0,1 12,9M12,4.5C17,4.5 21.27,7.61 23,12C21.27,16.39 17,19.5 12,19.5C7,19.5 2.73,16.39 1,12C2.73,7.61 7,4.5 12,4.5M3.18,12C4.83,15.36 8.24,17.5 12,17.5C15.76,17.5 19.17,15.36 20.82,12C19.17,8.64 15.76,6.5 12,6.5C8.24,6.5 4.83,8.64 3.18,12Z\" style=\"fill: rgb(184, 184, 184);\"></path></svg><p class=\"css-b2hgxs\">Full</p></div><div class=\"css-1xuqswr\"><div class=\"css-147oood\"><div color=\"#29C317\" class=\"css-3alpd0\" style=\"width: 5%;\"></div></div></div><div class=\"css-1xuqswr\"><p class=\"css-kd8b8y\">5%</p></div></div><div class=\"css-1fptton\"><div class=\"css-micp3c\"><svg viewBox=\"0 0 24 24\" role=\"presentation\" style=\"width: 0.975rem; height: 0.975rem;\"><path d=\"M12,9A3,3 0 0,1 15,12A3,3 0 0,1 12,15A3,3 0 0,1 9,12A3,3 0 0,1 12,9M12,4.5C17,4.5 21.27,7.61 23,12C21.27,16.39 17,19.5 12,19.5C7,19.5 2.73,16.39 1,12C2.73,7.61 7,4.5 12,4.5M3.18,12C4.83,15.36 8.24,17.5 12,17.5C15.76,17.5 19.17,15.36 20.82,12C19.17,8.64 15.76,6.5 12,6.5C8.24,6.5 4.83,8.64 3.18,12Z\" style=\"fill: rgb(184, 184, 184);\"></path></svg><p class=\"css-b2hgxs\">Partial</p></div><div class=\"css-1xuqswr\"><div class=\"css-uy4rov\"><div color=\"#96A1A7\" class=\"css-qx4bvh\" style=\"width: 25%;\"></div></div></div><div class=\"css-1xuqswr\"><p class=\"css-kd8b8y\">25%</p></div></div><div class=\"css-1fptton\"><div class=\"css-micp3c\"><svg viewBox=\"0 0 24 24\" role=\"presentation\" style=\"width: 0.975rem; height: 0.975rem;\"><path d=\"M2,5.27L3.28,4L20,20.72L18.73,22L15.65,18.92C14.5,19.3 13.28,19.5 12,19.5C7,19.5 2.73,16.39 1,12C1.69,10.24 2.79,8.69 4.19,7.46L2,5.27M12,9A3,3 0 0,1 15,12C15,12.35 14.94,12.69 14.83,13L11,9.17C11.31,9.06 11.65,9 12,9M12,4.5C17,4.5 21.27,7.61 23,12C22.18,14.08 20.79,15.88 19,17.19L17.58,15.76C18.94,14.82 20.06,13.54 20.82,12C19.17,8.64 15.76,6.5 12,6.5C10.91,6.5 9.84,6.68 8.84,7L7.3,5.47C8.74,4.85 10.33,4.5 12,4.5M3.18,12C4.83,15.36 8.24,17.5 12,17.5C12.69,17.5 13.37,17.43 14,17.29L11.72,15C10.29,14.85 9.15,13.71 9,12.28L5.6,8.87C4.61,9.72 3.78,10.78 3.18,12Z\" style=\"fill: rgb(184, 184, 184);\"></path></svg><p class=\"css-b2hgxs\">Ignore</p></div><div class=\"css-1xuqswr\"><div class=\"css-17de2fk\"><div color=\"#D33838\" class=\"css-8q6vwr\" style=\"width: 70%;\"></div></div></div><div class=\"css-1xuqswr\"><p class=\"css-kd8b8y\">70%</p></div></div></div></div></div><div class=\"css-1j6tgdl\"><div width=\"92%\" class=\"css-a6hrch\"><p color=\"#B8B8B8\" class=\"css-1p5tc0q\">Insights</p><svg viewBox=\"0 0 24 24\" role=\"presentation\" data-state=\"closed\" style=\"width: 16px; height: 16px;\"><path d=\"M11,9H13V7H11M12,20C7.59,20 4,16.41 4,12C4,7.59 7.59,4 12,4C16.41,4 20,7.59 20,12C20,16.41 16.41,20 12,20M12,2A10,10 0 0,0 2,12A10,10 0 0,0 12,22A10,10 0 0,0 22,12A10,10 0 0,0 12,2M11,17H13V11H11V17Z\" style=\"fill: rgb(153, 163, 169);\"></path></svg></div><div class=\"css-l4fru9\"><div class=\"css-1lyilkl\"><p class=\"css-1wfg96s\" style=\"white-space: pre-wrap;\">The article failed to capture the audience's attention; most people ignored it. \"Testing\" is vague and didn't provide enough value quickly.\n\nThe audience is time-constrained and values concise communication.\n\nReplace \"testing\" with a clear, benefit-focused statement. Focus on what the audience gains immediately.\n\nEmphasize concise, benefit-driven language and avoid jargon.\n</p></div></div><div class=\"css-0\"><button class=\"css-xi27w3\">Ask a Follow-up<svg viewBox=\"0 0 24 24\" role=\"presentation\" style=\"width: 0.975rem; height: 0.975rem;\"><path d=\"M9 4L11.5 9.5L17 12L11.5 14.5L9 20L6.5 14.5L1 12L6.5 9.5L9 4M9 8.83L8 11L5.83 12L8 13L9 15.17L10 13L12.17 12L10 11L9 8.83M19 9L17.74 6.26L15 5L17.74 3.75L19 1L20.25 3.75L23 5L20.25 6.26L19 9M19 23L17.74 20.26L15 19L17.74 17.75L19 15L20.25 17.75L23 19L20.25 20.26L19 23Z\" style=\"fill: white;\"></path></svg></button></div></div><div class=\"css-cwe8y\"><div class=\"css-micp3c\"><p class=\"css-1p5tc0q\">Conversation </p><svg viewBox=\"0 0 24 24\" role=\"presentation\" data-state=\"closed\" style=\"width: 16px; height: 16px;\"><path d=\"M11,9H13V7H11M12,20C7.59,20 4,16.41 4,12C4,7.59 7.59,4 12,4C16.41,4 20,7.59 20,12C20,16.41 16.41,20 12,20M12,2A10,10 0 0,0 2,12A10,10 0 0,0 12,22A10,10 0 0,0 22,12A10,10 0 0,0 12,2M11,17H13V11H11V17Z\" style=\"fill: rgb(153, 163, 169);\"></path></svg></div><div class=\"css-cp8fas\"><p class=\"css-1fuj5ta\">Lack of Time</p><p class=\"css-24krj7\">Approximately 36% of readers mention being busy and not having time to fully engage with the content due to time constraints.</p><div height=\"8\" class=\"css-uasqza\"></div><div class=\"css-z2pytn\"><div class=\"css-1hzi1x7\"><div class=\"css-14dgs4m\"></div><p class=\"css-kd8b8y\" style=\"font-style: italic;\">\"I'm busy, and that doesn't sound worth my time.\"</p></div><div class=\"css-1hzi1x7\"><div class=\"css-14dgs4m\"></div><p class=\"css-kd8b8y\" style=\"font-style: italic;\">\"No time for content that doesn't grab my attention.\"</p></div></div></div><div class=\"css-cp8fas\"><p class=\"css-1fuj5ta\">Need for Relevance</p><p class=\"css-24krj7\">Around 29% of readers emphasize needing content to be relevant to their interests and immediately offer value to justify their time.</p><div height=\"8\" class=\"css-uasqza\"></div><div class=\"css-z2pytn\"><div class=\"css-1hzi1x7\"><div class=\"css-1f2sul\"></div><p class=\"css-kd8b8y\" style=\"font-style: italic;\">\"Gotta focus on real deals and interesting tech!\"</p></div><div class=\"css-1hzi1x7\"><div class=\"css-14dgs4m\"></div><p class=\"css-kd8b8y\" style=\"font-style: italic;\">\"No indication of the topic or relevance.\"</p></div></div></div><div class=\"css-cp8fas\"><p class=\"css-1fuj5ta\">Desire for Efficiency</p><p class=\"css-24krj7\">About 25% of readers express a preference for quickly skimming content, highlighting the need for efficient information delivery.</p><div height=\"8\" class=\"css-uasqza\"></div><div class=\"css-z2pytn\"><div class=\"css-1hzi1x7\"><div class=\"css-1f2sul\"></div><p class=\"css-kd8b8y\" style=\"font-style: italic;\">\"I'm all about efficiency.\"</p></div><div class=\"css-1hzi1x7\"><div class=\"css-4gbs74\"></div><p class=\"css-kd8b8y\" style=\"font-style: italic;\">\"Skim the first bit and move on.\"</p></div></div></div></div></div>",
    "extras": {
      "impactScore": {
        "value": 16,
        "max": 100,
        "rating": "Impact Score\n\nVery Low\n16 / 100\n\nAttention\n\nFull\n\n5%\n\nPartial\n\n25%\n\nIgnore\n\n70%\n\nInsights\n\nThe article failed to capture the audience's attention; most people ignored it. \"Testing\" is vague and didn't provide enough value quickly.\n\nThe audience is time-constrained and values concise communication.\n\nReplace \"testing\" with a clear, benefit-focused statement. Focus on what the audience gains immediately.\n\nEmphasize concise, benefit-driven language and avoid jargon.\n\n\nAsk a Follow-up\n\nConversation\n\nLack of Time\n\nApproximately 36% of readers mention being busy and not having time to fully engage with the content due to time constraints.\n\n\"I'm busy, and that doesn't sound worth my time.\"\n\n\"No time for content that doesn't grab my attention.\"\n\nNeed for Relevance\n\nAround 29% of readers emphasize needing content to be relevant to their interests and immediately offer value to justify their time.\n\n\"Gotta focus on real deals and interesting tech!\"\n\n\"No indication of the topic or relevance.\"\n\nDesire for Efficiency\n\nAbout 25% of readers express a preference for quickly skimming content, highlighting the need for efficient information delivery.\n\n\"I'm all about efficiency.\"\n\n\"Skim the first bit and move on.\"",
        "raw": "Impact Score\n\nVery Low\n16 / 100\n\nAttention\n\nFull\n\n5%\n\nPartial\n\n25%\n\nIgnore\n\n70%\n\nInsights\n\nThe article failed to capture the audience's attention; most people ignored it. \"Testing\" is vague and didn't provide enough value quickly.\n\nThe audience is time-constrained and values concise communication.\n\nReplace \"testing\" with a clear, benefit-focused statement. Focus on what the audience gains immediately.\n\nEmphasize concise, benefit-driven language and avoid jargon.\n\n\nAsk a Follow-up\n\nConversation\n\nLack of Time\n\nApproximately 36% of readers mention being busy and not having time to fully engage with the content due to time constraints.\n\n\"I'm busy, and that doesn't sound worth my time.\"\n\n\"No time for content that doesn't grab my attention.\"\n\nNeed for Relevance\n\nAround 29% of readers emphasize needing content to be relevant to their interests and immediately offer value to justify their time.\n\n\"Gotta focus on real deals and interesting tech!\"\n\n\"No indication of the topic or relevance.\"\n\nDesire for Efficiency\n\nAbout 25% of readers express a preference for quickly skimming content, highlighting the need for efficient information delivery.\n\n\"I'm all about efficiency.\"\n\n\"Skim the first bit and move on.\""
      },
      "attention": {
        "full": 5,
        "partial": 25,
        "ignore": 70,
        "raw": {
          "full": "5%",
          "partial": "25%",
          "ignore": "70%"
        }
      },
      "insights": "The article failed to capture the audience's attention; most people ignored it. \"Testing\" is vague and didn't provide enough value quickly.\n\nThe audience is time-constrained and values concise communication.\n\nReplace \"testing\" with a clear, benefit-focused statement. Focus on what the audience gains immediately.\n\nEmphasize concise, benefit-driven language and avoid jargon.\n\n\nAsk a Follow-up"
    }
  },
  "metadata": {
    "timingsMs": {
      "googleLogin": 0,
      "simulate": 285911,
      "total": 287374
    },
    "runId": "run_1760117519924",
    "url": "https://app.societies.io/"
  }
}

✅ Saved to: runs/2025-10-10T17-32-00.json
